::group::[NORMAL] 1/1 ████████████████████ ✗ delta                               0.0s build failed
[NORMAL] # example.com/fx/delta [example.com/fx/delta.test]
[NORMAL] delta/delta_test.go:5:37: declared and not used: x
[NORMAL] delta/delta_test.go:5:45: cannot use "string" (untyped string constant) as int value in variable declaration
[NORMAL] FAIL	example.com/fx/delta [build failed]
::endgroup::
[NORMAL] # example.com/fx/delta [example.com/fx/delta.test]
[NORMAL] delta/delta_test.go:5:37: declared and not used: x
[NORMAL] delta/delta_test.go:5:45: cannot use "string" (untyped string constant) as int value in variable declaration
[NORMAL] FAIL	example.com/fx/delta [build failed]
[NORMAL] ✗ FAILED  1 packages · 0 passed · 0 skipped · 0 failed · 0.0s · exit status 1
