[NORMAL] ✓ TestOne                             0.0s
[NORMAL] - TestSkipped                         0.0s
[NORMAL] - TestSkippedToo                      0.0s
[NORMAL] ✗ TestSubs                            0.0s     2 passed    1 FAILED subtests
[NORMAL]     alpha_test.go:18: value mismatch: got 1, want 0
[NORMAL] --- FAIL: TestSubs/case-1 (0.00s)
[NORMAL] --- FAIL: TestSubs (0.00s)
::error file=sub/alpha/alpha_test.go,line=18,title=TestSubs/case-1 [NORMAL]::value mismatch: got 1, want 0
[NORMAL] ✓ TestPrints                          0.0s
[NORMAL] ✓ TestFine                            0.0s
[NORMAL] 1/4 █████░░░░░░░░░░░░░░░ ✗ alpha                               0.0s     4 passed    2 skipped    2 FAILED
[NORMAL] ✗ TestPanics                          0.0s
[NORMAL] --- FAIL: TestPanics (0.00s)
[NORMAL] panic: assignment to entry in nil map [recovered, repanicked]
[NORMAL] 
[NORMAL] goroutine 7 [running]:
[NORMAL] testing.tRunner.func1.2({0x6b9a80, 0x6f10c0})
[NORMAL] 	/usr/local/go/src/testing/testing.go:2123 +0x232
[NORMAL] testing.tRunner.func1()
[NORMAL] 	/usr/local/go/src/testing/testing.go:2126 +0x329
[NORMAL] panic({0x6b9a80?, 0x6f10c0?})
[NORMAL] 	/usr/local/go/src/runtime/panic.go:859 +0x125
[NORMAL] example.com/fx/beta.TestPanics(0x200b6ef64488?)
[NORMAL] 	/work/fx/beta/beta_test.go:9 +0x28
[NORMAL] testing.tRunner(0x200b6ef64488, 0x6d7470)
[NORMAL] 	/usr/local/go/src/testing/testing.go:2193 +0xea
[NORMAL] created by testing.(*T).Run in goroutine 1
[NORMAL] 	/usr/local/go/src/testing/testing.go:2258 +0x4d4
::error file=sub/beta/beta_test.go,line=9,title=TestPanics [NORMAL]::panic: assignment to entry in nil map [recovered, repanicked]
[NORMAL] 2/4 ██████████░░░░░░░░░░ ✗ beta                                0.0s     1 passed    1 FAILED
[NORMAL] ✓ TestA                               0.0s
[NORMAL] ✓ TestB                               0.0s     1 passed    1 skipped subtests
[NORMAL] 4/4 ████████████████████ ✓ gamma                               0.0s     3 passed    1 skipped
[NORMAL] ✗ FAILED  3 packages (+1 without tests) · 8 passed · 3 skipped · 3 failed · 0.0s · exit status 1
[NORMAL] ── verbose output, one collapsed group per top-level test ──
::group::[NORMAL] ✓ TestOne                             0.0s
[NORMAL]     alpha_test.go:8: hello from one
[NORMAL] --- PASS: TestOne (0.00s)
::endgroup::
::group::[NORMAL] - TestSkipped                         0.0s
[NORMAL]     alpha_test.go:10: needs a 64-bit platform
[NORMAL] --- SKIP: TestSkipped (0.00s)
::endgroup::
::group::[NORMAL] - TestSkippedToo                      0.0s
[NORMAL]     alpha_test.go:12: needs a 64-bit platform
[NORMAL] --- SKIP: TestSkippedToo (0.00s)
::endgroup::
::group::[NORMAL] ✗ TestSubs                            0.0s     2 passed    1 FAILED subtests
[NORMAL] --- PASS: TestSubs/case-0 (0.00s)
[NORMAL]     alpha_test.go:18: value mismatch: got 1, want 0
[NORMAL] --- FAIL: TestSubs/case-1 (0.00s)
[NORMAL] --- PASS: TestSubs/case-2 (0.00s)
[NORMAL] --- FAIL: TestSubs (0.00s)
::endgroup::
::group::[NORMAL] ✓ TestPrints                          0.0s
[NORMAL] plain stdout line
[NORMAL] --- PASS: TestPrints (0.00s)
::endgroup::
::group::[NORMAL] ✓ TestFine                            0.0s
[NORMAL] --- PASS: TestFine (0.00s)
::endgroup::
::group::[NORMAL] 1/4 █████░░░░░░░░░░░░░░░ ✗ alpha                               0.0s     4 passed    2 skipped    2 FAILED
[NORMAL] FAIL
[NORMAL] FAIL	example.com/fx/alpha	0.002s
::endgroup::
::group::[NORMAL] ✗ TestPanics                          0.0s
[NORMAL] --- FAIL: TestPanics (0.00s)
[NORMAL] panic: assignment to entry in nil map [recovered, repanicked]
[NORMAL] 
[NORMAL] goroutine 7 [running]:
[NORMAL] testing.tRunner.func1.2({0x6b9a80, 0x6f10c0})
[NORMAL] 	/usr/local/go/src/testing/testing.go:2123 +0x232
[NORMAL] testing.tRunner.func1()
[NORMAL] 	/usr/local/go/src/testing/testing.go:2126 +0x329
[NORMAL] panic({0x6b9a80?, 0x6f10c0?})
[NORMAL] 	/usr/local/go/src/runtime/panic.go:859 +0x125
[NORMAL] example.com/fx/beta.TestPanics(0x200b6ef64488?)
[NORMAL] 	/work/fx/beta/beta_test.go:9 +0x28
[NORMAL] testing.tRunner(0x200b6ef64488, 0x6d7470)
[NORMAL] 	/usr/local/go/src/testing/testing.go:2193 +0xea
[NORMAL] created by testing.(*T).Run in goroutine 1
[NORMAL] 	/usr/local/go/src/testing/testing.go:2258 +0x4d4
::endgroup::
::group::[NORMAL] 2/4 ██████████░░░░░░░░░░ ✗ beta                                0.0s     1 passed    1 FAILED
[NORMAL] FAIL	example.com/fx/beta	0.004s
::endgroup::
::group::[NORMAL] ✓ TestA                               0.0s
[NORMAL]     gamma_test.go:5: a
[NORMAL] --- PASS: TestA (0.00s)
::endgroup::
::group::[NORMAL] ✓ TestB                               0.0s     1 passed    1 skipped subtests
[NORMAL] --- PASS: TestB/x (0.00s)
[NORMAL]     gamma_test.go:8: not today
[NORMAL] --- SKIP: TestB/y (0.00s)
[NORMAL] --- PASS: TestB (0.00s)
::endgroup::
::group::[NORMAL] 4/4 ████████████████████ ✓ gamma                               0.0s     3 passed    1 skipped
[NORMAL] PASS
[NORMAL] ok  	example.com/fx/gamma	0.002s
::endgroup::
