## Scratch tests

| run | packages | tests | passed | skipped | failed | time | result |
|:--|--:|--:|--:|--:|--:|--:|:--|
| NORMAL | 3 (+1 w/o tests) | 14 | 8 | 3 | 3 | 0.0s | ❌ failed (exit 1) |
| X | 2 | 4 | 3 | 1 | 0 | 0.1s | ❌ failed (exit 1) |

### Failures (2)

| run | package | test | location | message |
|:--|:--|:--|:--|:--|
| NORMAL | `alpha` | `TestSubs/case-1` | alpha_test.go:18 | value mismatch: got 1, want 0 |
| NORMAL | `beta` | `TestPanics` | beta_test.go:9 | panic: assignment to entry in nil map [recovered, repanicked] |

<details><summary>Slowest packages</summary>

| run | package | time |
|:--|:--|--:|
| NORMAL | `beta` | 0.0s |
| NORMAL | `alpha` | 0.0s |
| NORMAL | `gamma` | 0.0s |
| X | `gamma` | 0.0s |
| X | `delta` | 0.0s |

</details>

<details><summary>Skipped tests (4)</summary>

| reason | tests | runs |
|:--|--:|:--|
| needs a 64-bit platform | 2 | NORMAL |
| &nbsp;&nbsp;`alpha.TestSkipped` | | |
| &nbsp;&nbsp;`alpha.TestSkippedToo` | | |
| not today | 1 | NORMAL, X |
| &nbsp;&nbsp;`gamma.TestB/y` | | |

</details>

